// Jest Snapshot v1, https://goo.gl/fbAQLP

exports[`<Overlay /> should match snapshot 1`] = `
.c0 {
  top: 0;
  left: 0;
  right: 0;
  bottom: 0;
  background: rgba(0, 0, 0, 0.9);
  z-index: 9;
  display: flex;
  justify-content: center;
  align-items: center;
  padding: 20px;
}

<div>
  <div
    class="c0"
  >
    <div>
      text
    </div>
  </div>
</div>
`;
