// Jest Snapshot v1, https://goo.gl/fbAQLP

exports[`<EmailButton /> should match snapshot 1`] = `
.c0 {
  background: linear-gradient(to bottom right, #1E90FF, #4169E1, #00008B);
  border: transparent;
  color: white;
  font-weight: 600;
  padding: 1rem 1.25rem;
  border-radius: 10rem;
  width: 100%;
  transition: scale 0.2s ease-in-out;
  cursor: pointer;
}

.c0:disabled {
  cursor: not-allowed;
  opacity: 0.6;
}

.c0:hover {
  transition: scale ease-in-out 0.2s;
  scale: calc(1.02);
}

.c0:focus {
  outline: none;
}

<div>
  <button
    class="c0"
    from="#1E90FF"
    to="#00008B"
    type="submit"
    via="#4169E1"
  >
    Send
  </button>
</div>
`;
