// Jest Snapshot v1, https://goo.gl/fbAQLP

exports[`<Label /> should match snapshot 1`] = `
.c0 {
  color: #FFFFFF;
  display: block;
  margin-bottom: 1rem;
  font-size: 1.5rem;
  font-weight: 600;
}

.c0.light {
  color: #FFFFFF;
}

<div>
  <label
    class="c0 dark"
    color="#FFFFFF"
    for="email"
  >
    Your email
  </label>
</div>
`;
