// Jest Snapshot v1, https://goo.gl/fbAQLP

exports[`<Footer /> should match snapshot 1`] = `
.c0 {
  border-top: 1px solid #33353F;
  border-left: transparent;
  border-right: transparent;
  z-index: 10;
  color: white;
  width: 100%;
  background-color: #18191E;
}

.c0.light {
  background-color: #1E3A8A;
}

.c1 {
  padding: 3rem;
  display: flex;
  justify-content: space-between;
  align-items: center;
}

.c3 {
  text-decoration: none;
  color: inherit;
  display: flex;
  align-items: center;
}

.c3 >img {
  max-height: 3rem;
}

.c2 {
  color: #ADB7BE;
  font-size: 2.4rem;
  text-transform: uppercase;
  z-index: 2;
}

.c4 {
  padding: 1rem;
  background-color: transparent;
  box-shadow: none;
  border: 2px solid #ADB7BE;
  border-radius: 9999px;
  color: #ADB7BE;
  font-size: 1.2rem;
  right: 2.5rem;
  margin-right: 2rem;
  cursor: pointer;
  transition: 0.2s;
}

.c4.light {
  color: white;
  border-color: white;
}

.c4.light:hover {
  color: #CCCCCC;
  border-color: #CCCCCC;
}

.c4:hover {
  color: #4169E1;
  border-color: #4169E1;
}

.c5 {
  padding: 1rem;
  background-color: transparent;
  box-shadow: none;
  border: 2px solid #ADB7BE;
  border-radius: 9999px;
  color: #ADB7BE;
  font-size: 1.2rem;
  right: 10rem;
  cursor: pointer;
  z-index: 199999;
  transition: 0.2s;
}

.c5:hover {
  color: #4169E1;
  border-color: #4169E1;
}

.c5.light {
  color: white;
  border-color: white;
}

.c5.light:hover {
  color: #CCCCCC;
  border-color: #CCCCCC;
}

@media (max-width: 640px) {
  .c1 {
    flex-direction: column;
    gap: 20px;
  }
}

@media (max-width: 768px) {
  .c4 {
    bottom: 20px;
  }
}

@media (max-width: 768px) {
  .c5 {
    bottom: 20px;
  }
}

<div>
  <footer
    class="c0 dark"
  >
    <div
      class="c1"
    >
      <h1
        class="c2"
      >
        <a
          class="c3"
          href="/"
        >
          <span>
            LOGO
          </span>
        </a>
      </h1>
      <div>
        <button
          aria-label="Switch language"
          class="c4 dark"
        >
          PT-BR
        </button>
        <button
          aria-label="Switch to light mode"
          class="c5 dark"
        >
          DARK
        </button>
      </div>
    </div>
  </footer>
</div>
`;
