// Jest Snapshot v1, https://goo.gl/fbAQLP

exports[`<TextComponent /> should match snapshot 1`] = `
.c0 {
  font-size: 1.5rem;
  color: #ADB7BE;
  margin-bottom: 20px;
  margin-top: 20px;
}

@media (min-width: 640px) {
  .c0 {
    font-size: 1.8rem;
  }
}

@media (min-width: 1024px) {
  .c0 {
    font-size: 2rem;
  }
}

<div>
  <p
    class="c0"
    type="default"
  >
    texto
  </p>
</div>
`;
