// Jest Snapshot v1, https://goo.gl/fbAQLP

exports[`<ButtonWrapper /> should match snapshot 1`] = `
.c0 {
  display: flex;
  gap: 1rem;
  flex-wrap: wrap;
  margin-top: 2rem;
}

@media (max-width: 768px) {
  .c0 {
    flex-direction: column;
  }
}

<div>
  <div
    class="c0"
  >
    Children
  </div>
</div>
`;
